  Γû▓ Next.js 15.0.0

